--- Bắt đầu deploy lên 160.25.81.57 ---
Đang kết nối SSH đến vmadmin@160.25.81.57...
Kết nối SSH thành công!

--- BƯỚC 1 & 2: TẠO THƯ MỤC VÀ UPLOAD CODE ---
> mkdir -p /home/vmadmin/shopify-admin-app
[Exit Code: 0]

> mkdir -p /home/vmadmin/shopify-admin-app/templates
[Exit Code: 0]

Uploading main.py -> /home/vmadmin/shopify-admin-app/main.py...
Uploading clean.py -> /home/vmadmin/shopify-admin-app/clean.py...
Uploading get_access_token.py -> /home/vmadmin/shopify-admin-app/get_access_token.py...
Uploading requirements.txt -> /home/vmadmin/shopify-admin-app/requirements.txt...
Uploading .env -> /home/vmadmin/shopify-admin-app/.env...
Uploading templates/collections.html -> /home/vmadmin/shopify-admin-app/templates/collections.html...
Uploading templates/create_product.html -> /home/vmadmin/shopify-admin-app/templates/create_product.html...
Uploading templates/edit_variants.html -> /home/vmadmin/shopify-admin-app/templates/edit_variants.html...
Uploading templates/index.html -> /home/vmadmin/shopify-admin-app/templates/index.html...
Uploading templates/product.html -> /home/vmadmin/shopify-admin-app/templates/product.html...

--- BƯỚC 3: CÀI ĐẶT MÔI TRƯỜNG VENV ---
> cd /home/vmadmin/shopify-admin-app && python3 -m venv venv
[Exit Code: 0]

> cd /home/vmadmin/shopify-admin-app && venv/bin/pip install -r requirements.txt
Collecting fastapi (from -r requirements.txt (line 1))
  Downloading fastapi-0.141.1-py3-none-any.whl.metadata (27 kB)
Collecting uvicorn (from -r requirements.txt (line 2))
  Downloading uvicorn-0.52.0-py3-none-any.whl.metadata (6.6 kB)
Collecting python-dotenv (from -r requirements.txt (line 3))
  Using cached python_dotenv-1.2.2-py3-none-any.whl.metadata (27 kB)
Collecting requests (from -r requirements.txt (line 4))
  Downloading requests-2.34.2-py3-none-any.whl.metadata (4.8 kB)
Collecting jinja2 (from -r requirements.txt (line 5))
  Downloading jinja2-3.1.6-py3-none-any.whl.metadata (2.9 kB)
Collecting python-multipart (from -r requirements.txt (line 6))
  Downloading python_multipart-0.0.32-py3-none-any.whl.metadata (2.1 kB)
Collecting starlette>=0.46.0 (from fastapi->-r requirements.txt (line 1))
  Downloading starlette-1.3.1-py3-none-any.whl.metadata (6.4 kB)
Collecting pydantic>=2.9.0 (from fastapi->-r requirements.txt (line 1))
  Using cached pydantic-2.13.4-py3-none-any.whl.metadata (109 kB)
Collecting typing-extensions>=4.8.0 (from fastapi->-r requirements.txt (line 1))
  Using cached typing_extensions-4.16.0-py3-none-any.whl.metadata (3.3 kB)
Collecting typing-inspection>=0.4.2 (from fastapi->-r requirements.txt (line 1))
  Using cached typing_inspection-0.4.2-py3-none-any.whl.metadata (2.6 kB)
Collecting annotated-doc>=0.0.2 (from fastapi->-r requirements.txt (line 1))
  Downloading annotated_doc-0.0.5-py3-none-any.whl.metadata (6.5 kB)
Collecting click>=7.0 (from uvicorn->-r requirements.txt (line 2))
  Using cached click-8.4.2-py3-none-any.whl.metadata (2.6 kB)
Collecting h11>=0.8 (from uvicorn->-r requirements.txt (line 2))
  Using cached h11-0.16.0-py3-none-any.whl.metadata (8.3 kB)
Collecting charset_normalizer<4,>=2 (from requests->-r requirements.txt (line 4))
  Downloading charset_normalizer-3.4.9-cp312-cp312-manylinux2014_x86_64.manylinux_2_17_x86_64.manylinux_2_28_x86_64.whl.metadata (41 kB)
     ━━━━━━━━━━━━━━━━━━━━━━━━━━━━━━━━━━━━━━━ 41.7/41.7 kB 223.9 kB/s eta 0:00:00
Collecting idna<4,>=2.5 (from requests->-r requirements.txt (line 4))
  Using cached idna-3.18-py3-none-any.whl.metadata (6.1 kB)
Collecting urllib3<3,>=1.26 (from requests->-r requirements.txt (line 4))
  Downloading urllib3-2.7.0-py3-none-any.whl.metadata (6.9 kB)
Collecting certifi>=2023.5.7 (from requests->-r requirements.txt (line 4))
  Downloading certifi-2026.7.22-py3-none-any.whl.metadata (2.5 kB)
Collecting MarkupSafe>=2.0 (from jinja2->-r requirements.txt (line 5))
  Using cached markupsafe-3.0.3-cp312-cp312-manylinux2014_x86_64.manylinux_2_17_x86_64.manylinux_2_28_x86_64.whl.metadata (2.7 kB)
Collecting annotated-types>=0.6.0 (from pydantic>=2.9.0->fastapi->-r requirements.txt (line 1))
  Downloading annotated_types-0.8.0-py3-none-any.whl.metadata (15 kB)
Collecting pydantic-core==2.46.4 (from pydantic>=2.9.0->fastapi->-r requirements.txt (line 1))
  Using cached pydantic_core-2.46.4-cp312-cp312-manylinux_2_17_x86_64.manylinux2014_x86_64.whl.metadata (6.6 kB)
Collecting anyio<5,>=3.6.2 (from starlette>=0.46.0->fastapi->-r requirements.txt (line 1))
  Downloading anyio-4.14.2-py3-none-any.whl.metadata (4.6 kB)
Downloading fastapi-0.141.1-py3-none-any.whl (131 kB)
   ━━━━━━━━━━━━━━━━━━━━━━━━━━━━━━━━━━━━━━━━ 132.0/132.0 kB 2.0 MB/s eta 0:00:00
Downloading uvicorn-0.52.0-py3-none-any.whl (79 kB)
   ━━━━━━━━━━━━━━━━━━━━━━━━━━━━━━━━━━━━━━━━ 79.1/79.1 kB 3.7 MB/s eta 0:00:00
Using cached python_dotenv-1.2.2-py3-none-any.whl (22 kB)
Downloading requests-2.34.2-py3-none-any.whl (73 kB)
   ━━━━━━━━━━━━━━━━━━━━━━━━━━━━━━━━━━━━━━━━ 73.1/73.1 kB 1.8 MB/s eta 0:00:00
Downloading jinja2-3.1.6-py3-none-any.whl (134 kB)
   ━━━━━━━━━━━━━━━━━━━━━━━━━━━━━━━━━━━━━━━━ 134.9/134.9 kB 4.9 MB/s eta 0:00:00
Downloading python_multipart-0.0.32-py3-none-any.whl (30 kB)
Downloading annotated_doc-0.0.5-py3-none-any.whl (5.3 kB)
Downloading certifi-2026.7.22-py3-none-any.whl (136 kB)
   ━━━━━━━━━━━━━━━━━━━━━━━━━━━━━━━━━━━━━━━━ 137.0/137.0 kB 5.2 MB/s eta 0:00:00
Downloading charset_normalizer-3.4.9-cp312-cp312-manylinux2014_x86_64.manylinux_2_17_x86_64.manylinux_2_28_x86_64.whl (224 kB)
   ━━━━━━━━━━━━━━━━━━━━━━━━━━━━━━━━━━━━━━━━ 224.3/224.3 kB 4.8 MB/s eta 0:00:00
Using cached click-8.4.2-py3-none-any.whl (119 kB)
Using cached h11-0.16.0-py3-none-any.whl (37 kB)
Using cached idna-3.18-py3-none-any.whl (65 kB)
Using cached markupsafe-3.0.3-cp312-cp312-manylinux2014_x86_64.manylinux_2_17_x86_64.manylinux_2_28_x86_64.whl (22 kB)
Using cached pydantic-2.13.4-py3-none-any.whl (472 kB)
Using cached pydantic_core-2.46.4-cp312-cp312-manylinux_2_17_x86_64.manylinux2014_x86_64.whl (2.1 MB)
Downloading starlette-1.3.1-py3-none-any.whl (73 kB)
   ━━━━━━━━━━━━━━━━━━━━━━━━━━━━━━━━━━━━━━━━ 73.6/73.6 kB 4.0 MB/s eta 0:00:00
Using cached typing_extensions-4.16.0-py3-none-any.whl (45 kB)
Using cached typing_inspection-0.4.2-py3-none-any.whl (14 kB)
Downloading urllib3-2.7.0-py3-none-any.whl (131 kB)
   ━━━━━━━━━━━━━━━━━━━━━━━━━━━━━━━━━━━━━━━━ 131.1/131.1 kB 3.6 MB/s eta 0:00:00
Downloading annotated_types-0.8.0-py3-none-any.whl (13 kB)
Downloading anyio-4.14.2-py3-none-any.whl (125 kB)
   ━━━━━━━━━━━━━━━━━━━━━━━━━━━━━━━━━━━━━━━━ 125.8/125.8 kB 2.4 MB/s eta 0:00:00
Installing collected packages: urllib3, typing-extensions, python-multipart, python-dotenv, MarkupSafe, idna, h11, click, charset_normalizer, certifi, annotated-types, annotated-doc, uvicorn, typing-inspection, requests, pydantic-core, jinja2, anyio, starlette, pydantic, fastapi
Successfully installed MarkupSafe-3.0.3 annotated-doc-0.0.5 annotated-types-0.8.0 anyio-4.14.2 certifi-2026.7.22 charset_normalizer-3.4.9 click-8.4.2 fastapi-0.141.1 h11-0.16.0 idna-3.18 jinja2-3.1.6 pydantic-2.13.4 pydantic-core-2.46.4 python-dotenv-1.2.2 python-multipart-0.0.32 requests-2.34.2 starlette-1.3.1 typing-extensions-4.16.0 typing-inspection-0.4.2 urllib3-2.7.0 uvicorn-0.52.0
[Exit Code: 0]


--- BƯỚC 4: THIẾT LẬP SYSTEMD SERVICE ---
Uploading shopify-admin-app.service -> /home/vmadmin/shopify-admin-app.service...
> echo 'F8_OwEyj_Cod' | sudo -S mv /home/vmadmin/shopify-admin-app.service /etc/systemd/system/shopify-admin-app.service
[Exit Code: 0]

> echo 'F8_OwEyj_Cod' | sudo -S systemctl daemon-reload
[Exit Code: 0]

> echo 'F8_OwEyj_Cod' | sudo -S systemctl enable shopify-admin-app.service
STDERR: Created symlink /etc/systemd/system/multi-user.target.wants/shopify-admin-app.service → /etc/systemd/system/shopify-admin-app.service.
[Exit Code: 0]

> echo 'F8_OwEyj_Cod' | sudo -S systemctl restart shopify-admin-app.service
[Exit Code: 0]


--- BƯỚC 5: CẤU HÌNH NGINX ---
Uploading shopify-admin-app.conf -> /home/vmadmin/shopify-admin-app.conf...
> echo 'F8_OwEyj_Cod' | sudo -S mv /home/vmadmin/shopify-admin-app.conf /etc/nginx/sites-available/shopify-admin-app.conf
[Exit Code: 0]

> echo 'F8_OwEyj_Cod' | sudo -S ln -sf /etc/nginx/sites-available/shopify-admin-app.conf /etc/nginx/sites-enabled/
[Exit Code: 0]

> echo 'F8_OwEyj_Cod' | sudo -S nginx -t
STDERR: nginx: the configuration file /etc/nginx/nginx.conf syntax is ok
nginx: configuration file /etc/nginx/nginx.conf test is successful
[Exit Code: 0]

> echo 'F8_OwEyj_Cod' | sudo -S systemctl reload nginx
[Exit Code: 0]


=== DEPLOY HOÀN TẤT THÀNH CÔNG ===
